--------------------------------------------------------------------------------------
Timing Analyzer Summary
--------------------------------------------------------------------------------------

Type           : Worst-case tco
Slack          : N/A
Required Time  : None
Actual Time    : 48.800 ns
From           : res[0]
To             : su[2]
From Clock     : run
To Clock       : --
Failed Paths   : 0

Type           : Worst-case tpd
Slack          : N/A
Required Time  : None
Actual Time    : 8.928 ns
From           : load
To             : rclk[1]
From Clock     : --
To Clock       : --
Failed Paths   : 0

Type           : Clock Setup: 'mode_tg'
Slack          : N/A
Required Time  : None
Actual Time    : Restricted to 405.02 MHz ( period = 2.469 ns )
From           : reg_mux:sel|creg[0]
To             : reg_mux:sel|creg[1]
From Clock     : mode_tg
To Clock       : mode_tg
Failed Paths   : 0

Type           : Clock Setup: 'opr_tg'
Slack          : N/A
Required Time  : None
Actual Time    : Restricted to 405.02 MHz ( period = 2.469 ns )
From           : opr
To             : opr
From Clock     : opr_tg
To Clock       : opr_tg
Failed Paths   : 0

Type           : Total number of failed paths
Slack          : 
Required Time  : 
Actual Time    : 
From           : 
To             : 
From Clock     : 
To Clock       : 
Failed Paths   : 0

--------------------------------------------------------------------------------------

