--------------------------------------------------------------------------------------
Timing Analyzer Summary
--------------------------------------------------------------------------------------

Type           : Worst-case tsu
Slack          : N/A
Required Time  : None
Actual Time    : 0.312 ns
From           : sw[0]
To             : res[31]
From Clock     : --
To Clock       : run
Failed Paths   : 0

Type           : Worst-case tco
Slack          : N/A
Required Time  : None
Actual Time    : 176.433 ns
From           : res[0]
To             : sd[5]
From Clock     : run
To Clock       : --
Failed Paths   : 0

Type           : Worst-case tpd
Slack          : N/A
Required Time  : None
Actual Time    : 6.131 ns
From           : load
To             : rclk[1]
From Clock     : --
To Clock       : --
Failed Paths   : 0

Type           : Worst-case th
Slack          : N/A
Required Time  : None
Actual Time    : 0.744 ns
From           : sw[0]
To             : res[4]
From Clock     : --
To Clock       : run
Failed Paths   : 0

Type           : Clock Setup: 'mode_tg'
Slack          : N/A
Required Time  : None
Actual Time    : Restricted to 405.02 MHz ( period = 2.469 ns )
From           : reg_mux:sel|creg[0]
To             : reg_mux:sel|creg[1]
From Clock     : mode_tg
To Clock       : mode_tg
Failed Paths   : 0

Type           : Total number of failed paths
Slack          : 
Required Time  : 
Actual Time    : 
From           : 
To             : 
From Clock     : 
To Clock       : 
Failed Paths   : 0

--------------------------------------------------------------------------------------

