Classic Timing Analyzer report for q3a
Mon Mar 29 14:12:44 2010
Quartus II Version 9.1 Build 304 01/25/2010 Service Pack 1 SJ Web Edition


---------------------
; Table of Contents ;
---------------------
  1. Legal Notice
  2. Timing Analyzer Summary
  3. Timing Analyzer Settings
  4. Parallel Compilation
  5. tpd
  6. Timing Analyzer Messages



----------------
; Legal Notice ;
----------------
Copyright (C) 1991-2010 Altera Corporation
Your use of Altera Corporation's design tools, logic functions 
and other software and tools, and its AMPP partner logic 
functions, and any output files from any of the foregoing 
(including device programming or simulation files), and any 
associated documentation or information are expressly subject 
to the terms and conditions of the Altera Program License 
Subscription Agreement, Altera MegaCore Function License 
Agreement, or other applicable license agreement, including, 
without limitation, that your use is for the sole purpose of 
programming logic devices manufactured by Altera and sold by 
Altera or its authorized distributors.  Please refer to the 
applicable agreement for further details.



+----------------------------------------------------------------------------------------------------------------------------+
; Timing Analyzer Summary                                                                                                    ;
+------------------------------+-------+---------------+-------------+------+---------+------------+----------+--------------+
; Type                         ; Slack ; Required Time ; Actual Time ; From ; To      ; From Clock ; To Clock ; Failed Paths ;
+------------------------------+-------+---------------+-------------+------+---------+------------+----------+--------------+
; Worst-case tpd               ; N/A   ; None          ; 16.550 ns   ; x[2] ; seg2[6] ; --         ; --       ; 0            ;
; Total number of failed paths ;       ;               ;             ;      ;         ;            ;          ; 0            ;
+------------------------------+-------+---------------+-------------+------+---------+------------+----------+--------------+


+-----------------------------------------------------------------------------------------------------------------------------------------------------+
; Timing Analyzer Settings                                                                                                                            ;
+------------------------------------------------------------------------------------------------------+--------------------+------+----+-------------+
; Option                                                                                               ; Setting            ; From ; To ; Entity Name ;
+------------------------------------------------------------------------------------------------------+--------------------+------+----+-------------+
; Device Name                                                                                          ; EP2C20F484C7       ;      ;    ;             ;
; Timing Models                                                                                        ; Final              ;      ;    ;             ;
; Default hold multicycle                                                                              ; Same as Multicycle ;      ;    ;             ;
; Cut paths between unrelated clock domains                                                            ; On                 ;      ;    ;             ;
; Cut off read during write signal paths                                                               ; On                 ;      ;    ;             ;
; Cut off feedback from I/O pins                                                                       ; On                 ;      ;    ;             ;
; Report Combined Fast/Slow Timing                                                                     ; Off                ;      ;    ;             ;
; Ignore Clock Settings                                                                                ; Off                ;      ;    ;             ;
; Analyze latches as synchronous elements                                                              ; On                 ;      ;    ;             ;
; Enable Recovery/Removal analysis                                                                     ; Off                ;      ;    ;             ;
; Enable Clock Latency                                                                                 ; Off                ;      ;    ;             ;
; Use TimeQuest Timing Analyzer                                                                        ; Off                ;      ;    ;             ;
; Minimum Core Junction Temperature                                                                    ; 0                  ;      ;    ;             ;
; Maximum Core Junction Temperature                                                                    ; 85                 ;      ;    ;             ;
; Number of source nodes to report per destination node                                                ; 10                 ;      ;    ;             ;
; Number of destination nodes to report                                                                ; 10                 ;      ;    ;             ;
; Number of paths to report                                                                            ; 200                ;      ;    ;             ;
; Report Minimum Timing Checks                                                                         ; Off                ;      ;    ;             ;
; Use Fast Timing Models                                                                               ; Off                ;      ;    ;             ;
; Report IO Paths Separately                                                                           ; Off                ;      ;    ;             ;
; Perform Multicorner Analysis                                                                         ; On                 ;      ;    ;             ;
; Reports the worst-case path for each clock domain and analysis                                       ; Off                ;      ;    ;             ;
; Reports worst-case timing paths for each clock domain and analysis                                   ; On                 ;      ;    ;             ;
; Specifies the maximum number of worst-case timing paths to report for each clock domain and analysis ; 100                ;      ;    ;             ;
; Removes common clock path pessimism (CCPP) during slack computation                                  ; Off                ;      ;    ;             ;
; Output I/O Timing Endpoint                                                                           ; Near End           ;      ;    ;             ;
+------------------------------------------------------------------------------------------------------+--------------------+------+----+-------------+


Parallel compilation was disabled, but you have multiple processors available. Enable parallel compilation to reduce compilation time.
+-------------------------------------+
; Parallel Compilation                ;
+----------------------------+--------+
; Processors                 ; Number ;
+----------------------------+--------+
; Number detected on machine ; 2      ;
; Maximum allowed            ; 1      ;
+----------------------------+--------+


+--------------------------------------------------------------+
; tpd                                                          ;
+-------+-------------------+-----------------+------+---------+
; Slack ; Required P2P Time ; Actual P2P Time ; From ; To      ;
+-------+-------------------+-----------------+------+---------+
; N/A   ; None              ; 16.550 ns       ; x[2] ; seg2[6] ;
; N/A   ; None              ; 16.545 ns       ; x[2] ; seg2[5] ;
; N/A   ; None              ; 16.511 ns       ; x[1] ; seg2[6] ;
; N/A   ; None              ; 16.509 ns       ; x[2] ; seg2[3] ;
; N/A   ; None              ; 16.508 ns       ; x[2] ; seg2[4] ;
; N/A   ; None              ; 16.506 ns       ; x[1] ; seg2[5] ;
; N/A   ; None              ; 16.491 ns       ; x[2] ; seg2[1] ;
; N/A   ; None              ; 16.489 ns       ; x[2] ; seg2[2] ;
; N/A   ; None              ; 16.470 ns       ; x[1] ; seg2[3] ;
; N/A   ; None              ; 16.469 ns       ; x[1] ; seg2[4] ;
; N/A   ; None              ; 16.452 ns       ; x[1] ; seg2[1] ;
; N/A   ; None              ; 16.450 ns       ; x[1] ; seg2[2] ;
; N/A   ; None              ; 16.197 ns       ; x[2] ; seg2[0] ;
; N/A   ; None              ; 16.158 ns       ; x[1] ; seg2[0] ;
; N/A   ; None              ; 16.011 ns       ; x[0] ; seg2[6] ;
; N/A   ; None              ; 16.006 ns       ; x[0] ; seg2[5] ;
; N/A   ; None              ; 15.970 ns       ; x[0] ; seg2[3] ;
; N/A   ; None              ; 15.969 ns       ; x[0] ; seg2[4] ;
; N/A   ; None              ; 15.952 ns       ; x[0] ; seg2[1] ;
; N/A   ; None              ; 15.950 ns       ; x[0] ; seg2[2] ;
; N/A   ; None              ; 15.746 ns       ; y[0] ; seg2[6] ;
; N/A   ; None              ; 15.741 ns       ; y[0] ; seg2[5] ;
; N/A   ; None              ; 15.705 ns       ; y[0] ; seg2[3] ;
; N/A   ; None              ; 15.704 ns       ; y[0] ; seg2[4] ;
; N/A   ; None              ; 15.687 ns       ; y[0] ; seg2[1] ;
; N/A   ; None              ; 15.685 ns       ; y[0] ; seg2[2] ;
; N/A   ; None              ; 15.658 ns       ; x[0] ; seg2[0] ;
; N/A   ; None              ; 15.644 ns       ; x[0] ; seg[5]  ;
; N/A   ; None              ; 15.535 ns       ; x[0] ; seg[3]  ;
; N/A   ; None              ; 15.503 ns       ; y[3] ; seg2[6] ;
; N/A   ; None              ; 15.498 ns       ; y[3] ; seg2[5] ;
; N/A   ; None              ; 15.462 ns       ; y[3] ; seg2[3] ;
; N/A   ; None              ; 15.461 ns       ; y[3] ; seg2[4] ;
; N/A   ; None              ; 15.444 ns       ; y[3] ; seg2[1] ;
; N/A   ; None              ; 15.442 ns       ; y[3] ; seg2[2] ;
; N/A   ; None              ; 15.393 ns       ; y[0] ; seg2[0] ;
; N/A   ; None              ; 15.343 ns       ; x[0] ; seg[6]  ;
; N/A   ; None              ; 15.329 ns       ; x[0] ; seg[4]  ;
; N/A   ; None              ; 15.322 ns       ; x[0] ; seg[1]  ;
; N/A   ; None              ; 15.316 ns       ; y[1] ; seg2[6] ;
; N/A   ; None              ; 15.311 ns       ; y[1] ; seg2[5] ;
; N/A   ; None              ; 15.300 ns       ; x[0] ; seg[2]  ;
; N/A   ; None              ; 15.275 ns       ; y[1] ; seg2[3] ;
; N/A   ; None              ; 15.274 ns       ; y[1] ; seg2[4] ;
; N/A   ; None              ; 15.274 ns       ; x[0] ; seg[0]  ;
; N/A   ; None              ; 15.264 ns       ; x[1] ; seg[5]  ;
; N/A   ; None              ; 15.257 ns       ; y[1] ; seg2[1] ;
; N/A   ; None              ; 15.255 ns       ; y[1] ; seg2[2] ;
; N/A   ; None              ; 15.155 ns       ; x[1] ; seg[3]  ;
; N/A   ; None              ; 15.150 ns       ; y[3] ; seg2[0] ;
; N/A   ; None              ; 15.142 ns       ; x[2] ; seg[5]  ;
; N/A   ; None              ; 15.033 ns       ; x[2] ; seg[3]  ;
; N/A   ; None              ; 14.963 ns       ; y[1] ; seg2[0] ;
; N/A   ; None              ; 14.963 ns       ; x[1] ; seg[6]  ;
; N/A   ; None              ; 14.949 ns       ; x[1] ; seg[4]  ;
; N/A   ; None              ; 14.942 ns       ; x[1] ; seg[1]  ;
; N/A   ; None              ; 14.920 ns       ; x[1] ; seg[2]  ;
; N/A   ; None              ; 14.894 ns       ; x[1] ; seg[0]  ;
; N/A   ; None              ; 14.841 ns       ; x[2] ; seg[6]  ;
; N/A   ; None              ; 14.827 ns       ; x[2] ; seg[4]  ;
; N/A   ; None              ; 14.820 ns       ; x[2] ; seg[1]  ;
; N/A   ; None              ; 14.798 ns       ; x[2] ; seg[2]  ;
; N/A   ; None              ; 14.772 ns       ; x[2] ; seg[0]  ;
; N/A   ; None              ; 14.725 ns       ; y[2] ; seg2[6] ;
; N/A   ; None              ; 14.720 ns       ; y[2] ; seg2[5] ;
; N/A   ; None              ; 14.684 ns       ; y[2] ; seg2[3] ;
; N/A   ; None              ; 14.683 ns       ; y[2] ; seg2[4] ;
; N/A   ; None              ; 14.666 ns       ; y[2] ; seg2[1] ;
; N/A   ; None              ; 14.664 ns       ; y[2] ; seg2[2] ;
; N/A   ; None              ; 14.381 ns       ; y[1] ; seg[5]  ;
; N/A   ; None              ; 14.372 ns       ; y[2] ; seg2[0] ;
; N/A   ; None              ; 14.272 ns       ; y[1] ; seg[3]  ;
; N/A   ; None              ; 14.104 ns       ; y[0] ; seg[5]  ;
; N/A   ; None              ; 14.080 ns       ; y[1] ; seg[6]  ;
; N/A   ; None              ; 14.066 ns       ; y[1] ; seg[4]  ;
; N/A   ; None              ; 14.059 ns       ; y[1] ; seg[1]  ;
; N/A   ; None              ; 14.037 ns       ; y[1] ; seg[2]  ;
; N/A   ; None              ; 14.011 ns       ; y[1] ; seg[0]  ;
; N/A   ; None              ; 13.997 ns       ; x[0] ; z[7]    ;
; N/A   ; None              ; 13.995 ns       ; y[0] ; seg[3]  ;
; N/A   ; None              ; 13.815 ns       ; y[3] ; seg[5]  ;
; N/A   ; None              ; 13.803 ns       ; y[0] ; seg[6]  ;
; N/A   ; None              ; 13.789 ns       ; y[0] ; seg[4]  ;
; N/A   ; None              ; 13.782 ns       ; y[0] ; seg[1]  ;
; N/A   ; None              ; 13.760 ns       ; y[0] ; seg[2]  ;
; N/A   ; None              ; 13.734 ns       ; y[0] ; seg[0]  ;
; N/A   ; None              ; 13.706 ns       ; y[3] ; seg[3]  ;
; N/A   ; None              ; 13.514 ns       ; y[3] ; seg[6]  ;
; N/A   ; None              ; 13.500 ns       ; y[3] ; seg[4]  ;
; N/A   ; None              ; 13.493 ns       ; y[3] ; seg[1]  ;
; N/A   ; None              ; 13.471 ns       ; y[3] ; seg[2]  ;
; N/A   ; None              ; 13.445 ns       ; y[3] ; seg[0]  ;
; N/A   ; None              ; 13.332 ns       ; x[2] ; z[5]    ;
; N/A   ; None              ; 13.293 ns       ; x[1] ; z[5]    ;
; N/A   ; None              ; 13.222 ns       ; x[1] ; z[7]    ;
; N/A   ; None              ; 13.190 ns       ; x[3] ; seg2[6] ;
; N/A   ; None              ; 13.185 ns       ; x[3] ; seg2[5] ;
; N/A   ; None              ; 13.149 ns       ; x[3] ; seg2[3] ;
; N/A   ; None              ; 13.148 ns       ; x[3] ; seg2[4] ;
; N/A   ; None              ; 13.131 ns       ; x[3] ; seg2[1] ;
; N/A   ; None              ; 13.129 ns       ; x[3] ; seg2[2] ;
; N/A   ; None              ; 13.059 ns       ; x[2] ; z[4]    ;
; N/A   ; None              ; 12.845 ns       ; y[2] ; seg[5]  ;
; N/A   ; None              ; 12.837 ns       ; x[3] ; seg2[0] ;
; N/A   ; None              ; 12.825 ns       ; x[1] ; z[4]    ;
; N/A   ; None              ; 12.793 ns       ; x[0] ; z[5]    ;
; N/A   ; None              ; 12.736 ns       ; y[2] ; seg[3]  ;
; N/A   ; None              ; 12.544 ns       ; y[2] ; seg[6]  ;
; N/A   ; None              ; 12.530 ns       ; y[2] ; seg[4]  ;
; N/A   ; None              ; 12.528 ns       ; y[0] ; z[5]    ;
; N/A   ; None              ; 12.523 ns       ; y[2] ; seg[1]  ;
; N/A   ; None              ; 12.510 ns       ; x[0] ; z[3]    ;
; N/A   ; None              ; 12.501 ns       ; y[2] ; seg[2]  ;
; N/A   ; None              ; 12.482 ns       ; x[2] ; z[7]    ;
; N/A   ; None              ; 12.475 ns       ; y[2] ; seg[0]  ;
; N/A   ; None              ; 12.400 ns       ; y[0] ; z[7]    ;
; N/A   ; None              ; 12.285 ns       ; y[3] ; z[5]    ;
; N/A   ; None              ; 12.255 ns       ; y[0] ; z[4]    ;
; N/A   ; None              ; 12.130 ns       ; x[1] ; z[3]    ;
; N/A   ; None              ; 12.126 ns       ; x[0] ; z[4]    ;
; N/A   ; None              ; 12.098 ns       ; y[1] ; z[5]    ;
; N/A   ; None              ; 12.042 ns       ; y[3] ; z[4]    ;
; N/A   ; None              ; 12.030 ns       ; y[1] ; z[7]    ;
; N/A   ; None              ; 12.028 ns       ; x[3] ; seg[5]  ;
; N/A   ; None              ; 12.008 ns       ; x[2] ; z[3]    ;
; N/A   ; None              ; 12.001 ns       ; x[0] ; z[6]    ;
; N/A   ; None              ; 11.919 ns       ; x[3] ; seg[3]  ;
; N/A   ; None              ; 11.727 ns       ; x[3] ; seg[6]  ;
; N/A   ; None              ; 11.713 ns       ; x[3] ; seg[4]  ;
; N/A   ; None              ; 11.706 ns       ; x[3] ; seg[1]  ;
; N/A   ; None              ; 11.684 ns       ; x[3] ; seg[2]  ;
; N/A   ; None              ; 11.658 ns       ; x[3] ; seg[0]  ;
; N/A   ; None              ; 11.644 ns       ; y[3] ; z[7]    ;
; N/A   ; None              ; 11.630 ns       ; y[1] ; z[4]    ;
; N/A   ; None              ; 11.612 ns       ; y[2] ; z[7]    ;
; N/A   ; None              ; 11.507 ns       ; y[2] ; z[5]    ;
; N/A   ; None              ; 11.297 ns       ; x[0] ; z[2]    ;
; N/A   ; None              ; 11.247 ns       ; y[1] ; z[3]    ;
; N/A   ; None              ; 11.198 ns       ; y[2] ; z[4]    ;
; N/A   ; None              ; 11.075 ns       ; x[2] ; z[6]    ;
; N/A   ; None              ; 10.970 ns       ; y[0] ; z[3]    ;
; N/A   ; None              ; 10.917 ns       ; x[1] ; z[2]    ;
; N/A   ; None              ; 10.814 ns       ; y[0] ; z[6]    ;
; N/A   ; None              ; 10.681 ns       ; y[3] ; z[3]    ;
; N/A   ; None              ; 10.655 ns       ; y[3] ; z[6]    ;
; N/A   ; None              ; 10.561 ns       ; x[2] ; z[2]    ;
; N/A   ; None              ; 10.548 ns       ; x[1] ; z[6]    ;
; N/A   ; None              ; 10.500 ns       ; y[1] ; z[6]    ;
; N/A   ; None              ; 10.034 ns       ; y[1] ; z[2]    ;
; N/A   ; None              ; 9.972 ns        ; x[3] ; z[5]    ;
; N/A   ; None              ; 9.829 ns        ; x[3] ; z[7]    ;
; N/A   ; None              ; 9.757 ns        ; y[0] ; z[2]    ;
; N/A   ; None              ; 9.711 ns        ; y[2] ; z[3]    ;
; N/A   ; None              ; 9.690 ns        ; y[2] ; z[6]    ;
; N/A   ; None              ; 9.151 ns        ; x[0] ; z[1]    ;
; N/A   ; None              ; 9.092 ns        ; x[0] ; z[0]    ;
; N/A   ; None              ; 9.073 ns        ; x[1] ; z[1]    ;
; N/A   ; None              ; 8.911 ns        ; x[3] ; z[6]    ;
; N/A   ; None              ; 8.894 ns        ; x[3] ; z[3]    ;
; N/A   ; None              ; 8.281 ns        ; x[3] ; z[4]    ;
; N/A   ; None              ; 8.161 ns        ; y[1] ; z[1]    ;
; N/A   ; None              ; 7.964 ns        ; y[0] ; z[1]    ;
; N/A   ; None              ; 7.905 ns        ; y[0] ; z[0]    ;
; N/A   ; None              ; 7.835 ns        ; y[2] ; z[2]    ;
+-------+-------------------+-----------------+------+---------+


+--------------------------+
; Timing Analyzer Messages ;
+--------------------------+
Info: *******************************************************************
Info: Running Quartus II Classic Timing Analyzer
    Info: Version 9.1 Build 304 01/25/2010 Service Pack 1 SJ Web Edition
    Info: Processing started: Mon Mar 29 14:12:43 2010
Info: Command: quartus_tan --read_settings_files=off --write_settings_files=off q3a -c q3a --timing_analysis_only
Info: Longest tpd from source pin "x[2]" to destination pin "seg2[6]" is 16.550 ns
    Info: 1: + IC(0.000 ns) + CELL(1.036 ns) = 1.036 ns; Loc. = PIN_M22; Fanout = 17; PIN Node = 'x[2]'
    Info: 2: + IC(2.115 ns) + CELL(0.178 ns) = 3.329 ns; Loc. = LCCOMB_X25_Y3_N16; Fanout = 4; COMB Node = 'comb~1'
    Info: 3: + IC(1.186 ns) + CELL(0.521 ns) = 5.036 ns; Loc. = LCCOMB_X31_Y2_N20; Fanout = 2; COMB Node = '74284:mul|90~0'
    Info: 4: + IC(1.109 ns) + CELL(0.521 ns) = 6.666 ns; Loc. = LCCOMB_X26_Y2_N18; Fanout = 1; COMB Node = '74284:mul|99~0'
    Info: 5: + IC(0.291 ns) + CELL(0.178 ns) = 7.135 ns; Loc. = LCCOMB_X26_Y2_N12; Fanout = 1; COMB Node = '74284:mul|98'
    Info: 6: + IC(0.290 ns) + CELL(0.178 ns) = 7.603 ns; Loc. = LCCOMB_X26_Y2_N0; Fanout = 1; COMB Node = '74284:mul|107~0'
    Info: 7: + IC(0.289 ns) + CELL(0.178 ns) = 8.070 ns; Loc. = LCCOMB_X26_Y2_N4; Fanout = 8; COMB Node = '74284:mul|109'
    Info: 8: + IC(4.205 ns) + CELL(0.545 ns) = 12.820 ns; Loc. = LCCOMB_X1_Y20_N24; Fanout = 1; COMB Node = 'conv_7seg:disp2|inst1~0'
    Info: 9: + IC(0.870 ns) + CELL(2.860 ns) = 16.550 ns; Loc. = PIN_D1; Fanout = 0; PIN Node = 'seg2[6]'
    Info: Total cell delay = 6.195 ns ( 37.43 % )
    Info: Total interconnect delay = 10.355 ns ( 62.57 % )
Info: Quartus II Classic Timing Analyzer was successful. 0 errors, 0 warnings
    Info: Peak virtual memory: 148 megabytes
    Info: Processing ended: Mon Mar 29 14:12:44 2010
    Info: Elapsed time: 00:00:01
    Info: Total CPU time (on all processors): 00:00:01


